
=== Sun Jul 21 17:36:53 2019

Packages were changed.
Update Mode: mergeDefaultDependencies

The following packages were updated:
  com.unity.analytics from version 3.2.2 to 3.3.2
  com.unity.collab-proxy from version 1.2.9 to 1.2.16
  com.unity.package-manager-ui from version 2.1.1 to 2.1.2
  com.unity.purchasing from version 2.0.1 to 2.0.6
  com.unity.textmeshpro from version 1.3.0 to 2.0.1
  com.unity.timeline from version 0.0.0-builtin to 1.0.0

=== Tue Jul 30 13:03:18 2019

Packages were changed.
Update Mode: updateDependencies

The following packages were added:
  com.unity.2d.tilemap@1.0.0
  com.unity.ext.nunit@1.0.0
  com.unity.test-framework@1.0.13
  com.unity.2d.sprite@1.0.0
  com.unity.ide.vscode@1.0.7
  com.unity.ide.rider@1.0.8
  com.unity.ugui@1.0.0
  com.unity.modules.androidjni@1.0.0
The following packages were updated:
  com.unity.package-manager-ui from version 2.1.2 to 2.2.0
  com.unity.timeline from version 1.0.0 to 1.1.0

=== Fri Oct  4 16:26:56 2019

Packages were changed.
Update Mode: updateDependencies

The following packages were updated:
  com.unity.ide.rider from version 1.0.8 to 1.1.0
  com.unity.test-framework from version 1.0.13 to 1.1.1
  com.unity.timeline from version 1.1.0 to 1.2.2
The following packages were removed:
  com.unity.package-manager-ui@2.2.0

=== Mon Apr 20 09:48:19 2020

Packages were changed.
Update Mode: updateDependencies

The following packages were added:
  com.unity.ide.visualstudio@2.0.0
The following packages were updated:
  com.unity.ads from version 2.0.8 to 3.4.4
  com.unity.analytics from version 3.3.2 to 3.3.5
  com.unity.collab-proxy from version 1.2.16 to 1.3.7
  com.unity.ide.rider from version 1.1.0 to 1.2.1
  com.unity.ide.vscode from version 1.0.7 to 1.1.4
  com.unity.test-framework from version 1.1.1 to 1.1.13
  com.unity.textmeshpro from version 2.0.1 to 3.0.0-preview.1
  com.unity.timeline from version 1.2.2 to 1.2.6

=== Thu Jul  9 12:49:56 2020

Packages were changed.
Update Mode: updateDependencies

The following packages were updated:
  com.unity.ads from version 3.4.4 to 3.4.5
  com.unity.ide.visualstudio from version 2.0.0 to 2.0.1
  com.unity.ide.vscode from version 1.1.4 to 1.2.0
  com.unity.render-pipelines.lightweight from version 8.0.1 to 8.1.0

=== Tue Jul 28 12:36:32 2020

Packages were changed.
Update Mode: updateDependencies

The following packages were updated:
  com.unity.ads from version 3.4.5 to 3.4.7
  com.unity.collab-proxy from version 1.3.7 to 1.3.8
  com.unity.ide.visualstudio from version 2.0.1 to 2.0.2
  com.unity.ide.vscode from version 1.2.0 to 1.2.1
  com.unity.test-framework from version 1.1.13 to 1.1.14

=== Wed May 26 10:45:35 2021

Packages were changed.
Update Mode: updateDependencies

The following packages were updated:
  com.unity.2d.pixel-perfect from version 3.0.2 to 4.0.1
  com.unity.ads from version 3.4.7 to 3.6.1
  com.unity.analytics from version 3.3.5 to 3.5.3
  com.unity.collab-proxy from version 1.3.8 to 1.3.9
  com.unity.ext.nunit from version 1.0.0 to 1.0.6
  com.unity.ide.rider from version 1.2.1 to 2.0.7
  com.unity.ide.visualstudio from version 2.0.2 to 2.0.7
  com.unity.ide.vscode from version 1.2.1 to 1.2.3
  com.unity.purchasing from version 2.0.6 to 2.2.2
  com.unity.render-pipelines.lightweight from version 8.1.0 to 10.4.0
  com.unity.test-framework from version 1.1.14 to 1.1.24
  com.unity.textmeshpro from version 3.0.0-preview.1 to 3.0.1
  com.unity.timeline from version 1.2.6 to 1.4.7

=== Thu Jul 29 17:29:11 2021

Packages were changed.
Update Mode: updateDependencies

The following packages were updated:
  com.unity.ads from version 3.6.1 to 3.7.1
  com.unity.collab-proxy from version 1.3.9 to 1.5.7
  com.unity.ide.visualstudio from version 2.0.7 to 2.0.8
  com.unity.purchasing from version 2.2.2 to 3.1.0
  com.unity.render-pipelines.lightweight from version 10.4.0 to 10.5.0
  com.unity.textmeshpro from version 3.0.1 to 3.0.6
  com.unity.timeline from version 1.4.7 to 1.4.8

=== Tue Sep  7 17:57:39 2021

Packages were changed.
Update Mode: updateDependencies

The following packages were updated:
  com.unity.collab-proxy from version 1.5.7 to 1.7.1
  com.unity.ide.visualstudio from version 2.0.8 to 2.0.9
  com.unity.purchasing from version 3.1.0 to 3.2.2
  com.unity.test-framework from version 1.1.24 to 1.1.27

=== Sat Nov  6 10:07:00 2021

Packages were changed.
Update Mode: updateDependencies

The following packages were updated:
  com.unity.2d.pixel-perfect from version 4.0.1 to 5.0.1
  com.unity.ads from version 3.7.1 to 3.7.5
  com.unity.analytics from version 3.5.3 to 3.6.11
  com.unity.collab-proxy from version 1.7.1 to 1.9.0
  com.unity.ide.rider from version 2.0.7 to 3.0.7
  com.unity.ide.visualstudio from version 2.0.9 to 2.0.11
  com.unity.purchasing from version 3.2.2 to 3.2.3
  com.unity.test-framework from version 1.1.27 to 1.1.29
  com.unity.timeline from version 1.4.8 to 1.5.6

=== Thu Mar 17 21:37:18 2022

Packages were changed.
Update Mode: updateDependencies

The following packages were updated:
  com.unity.analytics from version 3.6.11 to 3.6.12
  com.unity.collab-proxy from version 1.9.0 to 1.15.4
  com.unity.ide.visualstudio from version 2.0.11 to 2.0.12
  com.unity.ide.vscode from version 1.2.3 to 1.2.4
  com.unity.purchasing from version 3.2.3 to 4.1.1
  com.unity.timeline from version 1.5.6 to 1.6.3
The following packages were removed:
  com.unity.render-pipelines.lightweight@10.5.0

=== Sat Apr  2 12:53:26 2022

Packages were changed.
Update Mode: updateDependencies

The following packages were updated:
  com.unity.collab-proxy from version 1.15.4 to 1.15.13
  com.unity.ide.rider from version 3.0.7 to 3.0.12
  com.unity.ide.visualstudio from version 2.0.12 to 2.0.14
  com.unity.ide.vscode from version 1.2.4 to 1.2.5
  com.unity.purchasing from version 4.1.1 to 4.1.3
  com.unity.test-framework from version 1.1.29 to 1.1.31
  com.unity.timeline from version 1.6.3 to 1.6.4

=== Mon Oct  6 21:51:34 2025

Packages were changed.
Update Mode: updateDependencies

The following packages were added:
  com.unity.ai.navigation@2.0.9
  com.unity.modules.accessibility@1.0.0
  com.unity.multiplayer.center@1.0.0
The following packages were updated:
  com.unity.2d.pixel-perfect from version 5.0.1 to 5.1.0
  com.unity.ads from version 3.7.5 to 4.4.2
  com.unity.analytics from version 3.6.12 to 3.8.1
  com.unity.collab-proxy from version 1.15.13 to 2.9.3
  com.unity.ext.nunit from version 1.0.6 to 2.0.5
  com.unity.ide.rider from version 3.0.12 to 3.0.37
  com.unity.ide.visualstudio from version 2.0.14 to 2.0.23
  com.unity.purchasing from version 4.1.3 to 4.12.2
  com.unity.test-framework from version 1.1.31 to 1.6.0
  com.unity.timeline from version 1.6.4 to 1.8.9
  com.unity.ugui from version 1.0.0 to 2.0.0
The following packages were removed:
  com.unity.textmeshpro@3.0.6

=== Tue Aug 18 22:44:16 2026

Packages were changed.
Update Mode: updateDependencies

The following packages were added:
  com.unity.modules.adaptiveperformance@1.0.0
  com.unity.modules.vectorgraphics@1.0.0
The following packages were updated:
  com.unity.2d.pixel-perfect from version 5.1.0 to 5.1.1
  com.unity.ads from version 4.4.2 to 4.16.4
  com.unity.ai.navigation from version 2.0.9 to 2.0.10
  com.unity.analytics from version 3.8.1 to 3.8.2
  com.unity.collab-proxy from version 2.9.3 to 2.11.3
  com.unity.ide.visualstudio from version 2.0.23 to 2.0.26
  com.unity.multiplayer.center from version 1.0.0 to 1.0.1
  com.unity.purchasing from version 4.12.2 to 4.14.2
  com.unity.render-pipelines.universal from version 17.2.0 to 17.3.0
  com.unity.timeline from version 1.8.9 to 1.8.10
